// Jest Snapshot v1, https://goo.gl/fbAQLP

exports[`<App /> should render and match the snapshot 1`] = `
<ThemeProvider
  theme={
    Object {
      "colors": Object {
        "available": "#00b62b",
        "blue": "#9fc9eb",
        "closed": "#c2a251",
        "green": "#00b62b",
        "grey": "#5c5c5c",
        "noData": "#5c5c5c",
        "red": "#ed2127",
        "taken": "#ed2127",
        "yellow": "#c2a251",
      },
      "fontSize": Array [
        0.938,
        0.938,
        0.938,
        1,
        1.125,
        2.25,
        2.813,
      ],
    }
  }
>
  <ForwardRef>
    <HelmetWrapper
      defaultTitle="Oodi kirjasto"
      defer={true}
      encodeSpecialCharacters={true}
      titleTemplate="%s - Oodi kirjasto"
    >
      <meta
        content="Oodi kirjasto"
        name="description"
      />
    </HelmetWrapper>
    <Switch>
      <Route
        component={
          Object {
            "$$typeof": Symbol(react.memo),
            "WrappedComponent": Object {
              "$$typeof": Symbol(react.memo),
              "compare": null,
              "type": [Function],
            },
            "compare": null,
            "displayName": "Connect(Component)",
            "type": [Function],
          }
        }
        exact={true}
        path="/"
      />
    </Switch>
    <GlobalStyleComponent />
  </ForwardRef>
</ThemeProvider>
`;
