// Jest Snapshot v1, https://goo.gl/fbAQLP

exports[`<App /> should render and match the snapshot 1`] = `
<ThemeProvider
  theme={
    Object {
      "fontSize": Array [
        10,
        12,
        15,
        16,
        18,
        36,
        45,
      ],
    }
  }
>
  <ForwardRef>
    <HelmetWrapper
      defaultTitle="Oodi kirjasto"
      defer={true}
      encodeSpecialCharacters={true}
      titleTemplate="%s - Oodi kirjasto"
    >
      <meta
        content="Oodi kirjasto"
        name="description"
      />
    </HelmetWrapper>
    <Switch>
      <Route
        component={
          Object {
            "$$typeof": Symbol(react.memo),
            "WrappedComponent": Object {
              "$$typeof": Symbol(react.memo),
              "compare": null,
              "type": [Function],
            },
            "compare": null,
            "displayName": "Connect(Component)",
            "type": [Function],
          }
        }
        exact={true}
        path="/"
      />
    </Switch>
    <GlobalStyleComponent />
  </ForwardRef>
</ThemeProvider>
`;
